// Jest Snapshot v1, https://goo.gl/fbAQLP

exports[`renders landing 1`] = `
<div>
  <div>
    <div
      className="header"
    >
      <h1>
        TV Bland
      </h1>
      <p>
        TV Show and Web series database. Create personalized schedules. Episode guide, cast, crew and character information
      </p>
    </div>
    <div
      className="landing_wrapper"
    >
      <h1>
        Welcome to my APP
      </h1>
      <p>
        To go to list of the latest shows, please click button below
      </p>
      <a
        href="/shows"
        onClick={[Function]}
      >
        <button>
          GO
        </button>
      </a>
    </div>
  </div>
</div>
`;
