// Jest Snapshot v1, https://goo.gl/fbAQLP

exports[`render app 1`] = `
<div
  className="show_card"
>
  <a
    href="/shows/2"
    onClick={[Function]}
  >
    <img
      alt="Person of Interest"
      src="https://static.tvmaze.com/uploads/images/medium_portrait/163/407679.jpg"
    />
  </a>
  <div
    className="rating"
  >
    <span
      style={
        Object {
          "direction": "ltr",
          "display": "inline-block",
        }
      }
    >
      <span
        onClick={[Function]}
        onMouseMove={[Function]}
        onTouchEnd={[Function]}
        onTouchMove={[Function]}
        style={
          Object {
            "cursor": "inherit",
            "display": "inline-block",
            "position": "relative",
          }
        }
      >
        <span
          style={
            Object {
              "visibility": "hidden",
            }
          }
        >
          <span
            className="fa fa-star-o medium"
          />
        </span>
        <span
          style={
            Object {
              "display": "inline-block",
              "left": 0,
              "overflow": "hidden",
              "position": "absolute",
              "top": 0,
              "width": "100%",
            }
          }
        >
          <span
            className="fa fa-star medium"
          />
        </span>
      </span>
      <span
        onClick={[Function]}
        onMouseMove={[Function]}
        onTouchEnd={[Function]}
        onTouchMove={[Function]}
        style={
          Object {
            "cursor": "inherit",
            "display": "inline-block",
            "position": "relative",
          }
        }
      >
        <span
          style={
            Object {
              "visibility": "hidden",
            }
          }
        >
          <span
            className="fa fa-star-o medium"
          />
        </span>
        <span
          style={
            Object {
              "display": "inline-block",
              "left": 0,
              "overflow": "hidden",
              "position": "absolute",
              "top": 0,
              "width": "100%",
            }
          }
        >
          <span
            className="fa fa-star medium"
          />
        </span>
      </span>
      <span
        onClick={[Function]}
        onMouseMove={[Function]}
        onTouchEnd={[Function]}
        onTouchMove={[Function]}
        style={
          Object {
            "cursor": "inherit",
            "display": "inline-block",
            "position": "relative",
          }
        }
      >
        <span
          style={
            Object {
              "visibility": "hidden",
            }
          }
        >
          <span
            className="fa fa-star-o medium"
          />
        </span>
        <span
          style={
            Object {
              "display": "inline-block",
              "left": 0,
              "overflow": "hidden",
              "position": "absolute",
              "top": 0,
              "width": "100%",
            }
          }
        >
          <span
            className="fa fa-star medium"
          />
        </span>
      </span>
      <span
        onClick={[Function]}
        onMouseMove={[Function]}
        onTouchEnd={[Function]}
        onTouchMove={[Function]}
        style={
          Object {
            "cursor": "inherit",
            "display": "inline-block",
            "position": "relative",
          }
        }
      >
        <span
          style={
            Object {
              "visibility": "hidden",
            }
          }
        >
          <span
            className="fa fa-star-o medium"
          />
        </span>
        <span
          style={
            Object {
              "display": "inline-block",
              "left": 0,
              "overflow": "hidden",
              "position": "absolute",
              "top": 0,
              "width": "100%",
            }
          }
        >
          <span
            className="fa fa-star medium"
          />
        </span>
      </span>
      <span
        onClick={[Function]}
        onMouseMove={[Function]}
        onTouchEnd={[Function]}
        onTouchMove={[Function]}
        style={
          Object {
            "cursor": "inherit",
            "display": "inline-block",
            "position": "relative",
          }
        }
      >
        <span
          style={Object {}}
        >
          <span
            className="fa fa-star-o medium"
          />
        </span>
        <span
          style={
            Object {
              "display": "inline-block",
              "left": 0,
              "overflow": "hidden",
              "position": "absolute",
              "top": 0,
              "width": "50%",
            }
          }
        >
          <span
            className="fa fa-star medium"
          />
        </span>
      </span>
    </span>
  </div>
  <p>
    Person of Interest
  </p>
</div>
`;
